#separator \x09
#set_separator	,
#empty_field	(empty)
#unset_field	-
#path	x509
#open	2026-03-31-18-01-51
#fields	ts	fingerprint	certificate.version	certificate.serial	certificate.subject	certificate.issuer	certificate.not_valid_before	certificate.not_valid_after	certificate.key_alg	certificate.sig_alg	certificate.key_type	certificate.key_length	certificate.exponent	certificate.curve	san.dns	san.uri	san.email	san.ip	basic_constraints.ca	basic_constraints.path_len	host_cert	client_cert
#types	time	string	count	string	string	string	time	time	string	string	string	count	string	string	vector[string]	vector[string]	vector[string]	vector[addr]	bool	count	bool	bool
1774969311.850676	2667ced938eef05537f8cec9e1892a757db32726f1e47a79bd945aa96b43017e	3	7BCD1AA8E6E72FA778FE5645	CN=*.mail.ru,O=VK LLC,L=Moscow,ST=Moscow,C=RU	CN=GlobalSign RSA OV SSL CA 2018,O=GlobalSign nv-sa,C=BE	1773913970.000000	1791107570.000000	rsaEncryption	sha256WithRSAEncryption	rsa	2048	65537	-	*.mail.ru,*.cdnmail.ru,*.distribmail.ru,*.imgsmail.ru,mail.ru	-	-	-	F	-	T	F
1774969311.850676	b676ffa3179e8812093a1b5eafee876ae7a6aaf231078dad1bfb21cd2893764a	3	01EE5F221DFC623BD4333A8557	CN=GlobalSign RSA OV SSL CA 2018,O=GlobalSign nv-sa,C=BE	CN=GlobalSign,O=GlobalSign,OU=GlobalSign Root CA - R3	1542758400.000000	1858377600.000000	rsaEncryption	sha256WithRSAEncryption	rsa	2048	65537	-	-	-	-	-	T	0	F	F
1774969311.850676	cbb522d7b7f127ad6a0113865bdf1cd4102e7d0759af635a7cf4720dc963c53b	3	04000000000121585308A2	CN=GlobalSign,O=GlobalSign,OU=GlobalSign Root CA - R3	CN=GlobalSign,O=GlobalSign,OU=GlobalSign Root CA - R3	1237370400.000000	1868522400.000000	rsaEncryption	sha256WithRSAEncryption	rsa	2048	65537	-	-	-	-	-	T	-	F	F
1774969406.687427	4786c2ba41446490e195af1b07d9a00d6081e7a43324d8149cefa2b3d1dd9581	3	4942495B500324C36C522278FCCE3DC3	CN=*.roistat.com	CN=Sectigo RSA Domain Validation Secure Server CA,O=Sectigo Limited,L=Salford,ST=Greater Manchester,C=GB	1748131200.000000	1782431999.000000	rsaEncryption	sha256WithRSAEncryption	rsa	2048	65537	-	*.roistat.com,roistat.com	-	-	-	F	-	T	F
1774969406.687427	68b9c761219a5b1f0131784474665db61bbdb109e00f05ca9f74244ee5f5f52b	3	3972443AF922B751D7D36C10DD313595	CN=USERTrust RSA Certification Authority,O=The USERTRUST Network,L=Jersey City,ST=New Jersey,C=US	CN=AAA Certificate Services,O=Comodo CA Limited,L=Salford,ST=Greater Manchester,C=GB	1552348800.000000	1861919999.000000	rsaEncryption	sha384WithRSAEncryption	rsa	4096	65537	-	-	-	-	-	T	-	F	F
1774969406.687427	7fa4ff68ec04a99d7528d5085f94907f4d1dd1c5381bacdc832ed5c960214676	3	7D5B5126B476BA11DB74160BBC530DA7	CN=Sectigo RSA Domain Validation Secure Server CA,O=Sectigo Limited,L=Salford,ST=Greater Manchester,C=GB	CN=USERTrust RSA Certification Authority,O=The USERTRUST Network,L=Jersey City,ST=New Jersey,C=US	1541116800.000000	1924991999.000000	rsaEncryption	sha384WithRSAEncryption	rsa	2048	65537	-	-	-	-	-	T	0	F	F
1774969408.506309	28755596b39a104e42f45a01a7974516a7a3837f0df57334750c7b5281144ace	3	16CD11EBEF3DEF2413354FEA9C9ED193	CN=roistat.com	CN=WE1,O=Google Trust Services,C=US	1770467871.000000	1778247391.000000	id-ecPublicKey	ecdsa-with-SHA256	ecdsa	256	-	prime256v1	roistat.com,*.roistat.com	-	-	-	F	-	T	F
1774969408.506309	1dfc1605fbad358d8bc844f76d15203fac9ca5c1a79fd4857ffaf2864fbebf96	3	7FF31977972C224A76155D13B6D685E3	CN=WE1,O=Google Trust Services,C=US	CN=GTS Root R4,O=Google Trust Services LLC,C=US	1702458000.000000	1866290400.000000	id-ecPublicKey	ecdsa-with-SHA384	ecdsa	256	-	prime256v1	-	-	-	-	T	0	F	F
1774969408.506309	76b27b80a58027dc3cf1da68dac17010ed93997d0b603e2fadbe85012493b5a7	3	7FE530BF331343BEDD821610493D8A1B	CN=GTS Root R4,O=Google Trust Services LLC,C=US	CN=GlobalSign Root CA,OU=Root CA,O=GlobalSign nv-sa,C=BE	1700019801.000000	1832630442.000000	id-ecPublicKey	sha256WithRSAEncryption	ecdsa	384	-	secp384r1	-	-	-	-	T	-	F	F
1774969614.304820	659e58a7d674689061d838e35670819fb0fc9f3ee121803f115f7d68c65b1ed1	3	3598C56A3EECB03DE5936CED	CN=*.hi-tech.mail.ru,O=VK LLC,L=Moscow,ST=Moscow,C=RU	CN=GlobalSign RSA OV SSL CA 2018,O=GlobalSign nv-sa,C=BE	1745854386.000000	1780155185.000000	rsaEncryption	sha256WithRSAEncryption	rsa	2048	65537	-	*.hi-tech.mail.ru,hi-tech.imgsmail.ru,hi-tech.mail.ru	-	-	-	F	-	T	F
1774969614.304820	445eec78bc61215044a0379656aa2d5db5e42f76cb70b8d14c2077aa943d4ebb	3	01EE5F169DFF97352B6465D66A	CN=GlobalSign,O=GlobalSign,OU=GlobalSign Root CA - R3	CN=GlobalSign Root CA,OU=Root CA,O=GlobalSign nv-sa,C=BE	1537315200.000000	1832673600.000000	rsaEncryption	sha256WithRSAEncryption	rsa	2048	65537	-	-	-	-	-	T	-	F	F
1774970404.760142	c053305448895c0b4caffaa8af313f441dabfb5373989747a3dee155aa317cb8	3	052B901620F52E092436042F0D79A056B48D	CN=*.eff.org	CN=R12,O=Let's Encrypt,C=US	1771760624.000000	1779536623.000000	rsaEncryption	sha256WithRSAEncryption	rsa	2048	65537	-	*.eff.org,*.staging.eff.org	-	-	-	F	-	T	F
1774970404.760142	131fce7784016899a5a00203a9efc80f18ebbd75580717edc1553580930836ec	3	C212324B70A9B49171DC40F7E285263C	CN=R12,O=Let's Encrypt,C=US	CN=ISRG Root X1,O=Internet Security Research Group,C=US	1710288000.000000	1804895999.000000	rsaEncryption	sha256WithRSAEncryption	rsa	2048	65537	-	-	-	-	-	T	0	F	F
1774971425.096758	6a91a29ae05b92bb99722ed90f712aecdfb4d1c4e3f843919c895e7219ccbe19	3	4D59357C6A24E301FC19F6B7	CN=*.mail.ru,O=VK LLC,L=Moscow,ST=Moscow,C=RU	CN=GlobalSign ECC OV SSL CA 2018,O=GlobalSign nv-sa,C=BE	1762440974.000000	1796741773.000000	id-ecPublicKey	ecdsa-with-SHA384	ecdsa	256	-	prime256v1	*.mail.ru,mail.ru	-	-	-	F	-	T	F
1774971425.096758	87c71553445eb3c33c3e0710711b99e9c7773f04d91ac38a9f4c082ee24101ea	3	01EE5F2295424905F90191A8DC	CN=GlobalSign ECC OV SSL CA 2018,O=GlobalSign nv-sa,C=BE	CN=GlobalSign,O=GlobalSign,OU=GlobalSign ECC Root CA - R5	1542758400.000000	1858377600.000000	id-ecPublicKey	ecdsa-with-SHA384	ecdsa	384	-	secp384r1	-	-	-	-	T	0	F	F
1774971425.096758	3f319b2afed4a0f75127be59925550d0428e68763a09e273eb6a9ff8d18dbb5b	3	01EE5F223E3D355B992BC82AB4	CN=GlobalSign,O=GlobalSign,OU=GlobalSign ECC Root CA - R5	CN=GlobalSign,O=GlobalSign,OU=GlobalSign Root CA - R3	1542758400.000000	1868522400.000000	id-ecPublicKey	sha384WithRSAEncryption	ecdsa	384	-	secp384r1	-	-	-	-	T	-	F	F
1774971425.098576	5cb7b229a0a53356d648683aa670ddaa68c7f0da5dfe2c4771486014858d7d0f	3	243FD479B3C63F30B144DD88	CN=*.ads.vk.com,O=VK LLC,L=Moscow,ST=Moscow,C=RU	CN=GlobalSign RSA OV SSL CA 2018,O=GlobalSign nv-sa,C=BE	1773305204.000000	1807606003.000000	rsaEncryption	sha256WithRSAEncryption	rsa	2048	65537	-	*.ads.vk.com,ads.vk.ru,*.ads.vk.ru,ads.vk.com	-	-	-	F	-	T	F
1774971426.147077	c0d59300a6a521fb814ada25a518ef5ec5d8c8ccfc39278e69bd057bab17ebde	3	4ED4CBC81DFABD152C13740D	CN=*.mradx.net,O=VK LLC,L=Moscow,ST=Moscow,C=RU	CN=GlobalSign RSA OV SSL CA 2018,O=GlobalSign nv-sa,C=BE	1757633106.000000	1791933905.000000	rsaEncryption	sha256WithRSAEncryption	rsa	2048	65537	-	*.mradx.net,mradx.net	-	-	-	F	-	T	F
